########################################### 1=
00.0%
=3D=3D> Fetching go
=3D=3D> Downloading https://ghcr.io/v2/homebrew/core/go/blobs/sha256:418=
083bbfb10fd9
######################################################################### 1=
00.0%
=3D=3D> Pouring jpeg-turbo--3.1.2.arm64_sequoia.bottle.tar.gz
=F0=9F=8D=BA  /opt/homebrew/Cellar/jpeg-turbo/3.1.2: 47 files, 3.6MB
=3D=3D> Running 
brew cleanup jpeg-turbo
...
Disable this behaviour by setting 
HOMEBREW_NO_INSTALL_CLEANUP=3D1
.
Hide these hints with 
HOMEBREW_NO_ENV_HINTS=3D1
 (see 
man=
 brew
).
=3D=3D> Pouring go--1.25.1.arm64_sequoia.bottle.tar.gz
=F0=9F=8D=BA  /opt/homebrew/Cellar/go/1.25.1: 14,435 files, 193.3MB
=3D=3D> Running 
brew cleanup go
...
=3D=3D> No outdated dependents to upgrade!
admin@SYMBIs-MacBook-Pro ~ % $ git clone https://github.com/openai/go-vncdr=
iver.git
$ cd go-vncdriver
$ python build.py
$ pip install -e .
zsh: command not found: $
zsh: command not found: $
zsh: command not found: $
zsh: command not found: $
admin@SYMBIs-MacBook-Pro ~ % git clone https://github.com/openai/go-vncdriv=
er.git
Cloning into 'go-vncdriver'...
remote: Enumerating objects: 766, done.
remote: Total 766 (delta 0), reused 0 (delta 0), pack-reused 766 (from 1)
Receiving objects: 100% (766/766), 158.19 MiB | 9.77 MiB/s, done.
Resolving deltas: 100% (306/306), done.
admin@SYMBIs-MacBook-Pro ~ % cd go-vncdriver
admin@SYMBIs-MacBook-Pro go-vncdriver % $ cd go-vncdriver
zsh: command not found: $
admin@SYMBIs-MacBook-Pro go-vncdriver % cd go-vncdriver
cd: no such file or directory: go-vncdriver
admin@SYMBIs-MacBook-Pro go-vncdriver % cd /Users/admin/go-vncdriver=20
admin@SYMBIs-MacBook-Pro go-vncdriver % python build.py
Traceback (most recent call last):
  File "/Users/admin/go-vncdriver/build.py", line 8, in <module>
    import numpy
ModuleNotFoundError: No module named 'numpy'
admin@SYMBIs-MacBook-Pro go-vncdriver % pip install -e=20

Usage:  =20
  pip install [options] <requirement specifier> [package-index-option=
s] ...
  pip install [options] -r <requirements file> [package-index-options=
] ...
  pip install [options] [-e] <vcs project url> ...
  pip install [options] [-e] <local project path> ...
  pip install [options] <archive url/path> ...

-e option requires 1 argument
admin@SYMBIs-MacBook-Pro go-vncdriver % cd go-vncdriver
cd: no such file or directory: go-vncdriver
admin@SYMBIs-MacBook-Pro go-vncdriver % python build.py
Traceback (most recent call last):
  File "/Users/admin/go-vncdriver/build.py", line 8, in <module>
    import numpy
ModuleNotFoundError: No module named 'numpy'
admin@SYMBIs-MacBook-Pro go-vncdriver % 

=

=

Symbi said:

Thought for 16s

You=E2=80=99re super close. The only hard error right now=
 is Python can=E2=80=99t find 
num=
py
. Also, a few commands failed because you pasted the literal 
$
 prompt. Here=E2=80=99s a cl=
ean, minimal path to green on macOS/Apple Silicon.

Do this from the repo root (
~/go-vncdriver
)

b=
ash

Copy code

# 0) (optional) Make sure =
Command Line Tools are installed

xcode-select --install  

# if it s=
ays =E2=80=9Calready installed=E2=80=9D, you=E2=80=99re fine

# 1) Use Python 3 explicitly + a =
fresh virtualenv

python3 --version
python3 -m venv .venv

source

 .venv=
/bin/activate

# 2) Upgrade build tooling, then =
install NumPy FIRST

pip install --upgrade pip setuptools wheel

# NumPy 2.x can be touchy with ol=
der build scripts; stick to <2 for now

pip install 

"numpy<2"

# 3) (optional but helpful) Have =
Cython available

pip install 

"cython>=3D0.29"

# 4) Build/install go-vncdriver f=
rom the repo root

python build.py           

# or: p=
ip install -e .

Why your earlier commands failed

zsh: command not found: $
 =E2=80=94 don=E2=80=99t paste the=
 leading 
$
 from examples; =
it=E2=80=99s just the shell prompt.

pip install -e
 =E2=80=94 the 
-e
 (editable) flag 
requires a path
, usually 
pip install -e .
 when you=E2=80=99re in the project f=
older.

ModuleNotFoundError: No module named 'nu