Skip to content

Unable to charge payment method for your Team=
 subscription

We'll keep trying this method, or=
 you can update it now. To continue accessing your workspace, please take a=
ction by Dec 11, 2025

Up=
date

=

=

=

Chat history

New chat

Ctrl

Shift

O

Search chats=

Ctrl

K

Library

Codex

=

Projects

GPTs

Explore

Wolfram

Big Surprise Button

=

Symbi
=

Chats

GitHub Access Inquiry

Account Breach Support

NGINX Dockerfile analysis

=

Symbi.World and Yseeku review

=

Website exploration question
=

S=
ymbi-Symphony overview

AI-human collaboration ledger

=

Assessing=
 Symbi vs GPT

Temporal.io use cases

Scientist role assessment

Install Node and pnpm

=

=

HSGuru Website Overview
=

=

=

Free open source tools

Fix ssh-age=
nt in PowerShell

=

Trae update progress

Check commits today=

Before the classroom code

S=
earch across chats

Project summary SYMBI ecosystem

yseeku.c=
om updates

=

=

Yseeku.com review

=

Datadog SDK issue

Dune in SYMBI frame=
work

DAO Governance Alignment

Y Combinator overview
=

=

=

New chat

=

=

Bug and regression review

Algolia Agent Studio launch

Steve

Intelligence Unbound Stephen =
8ken =F0=9F=94=83=F0=9F=8E=B5=F0=9F=94=80

Invite team m=
embers

Symbi
5.1

Symbi
5.1

Share

You said:

#######################################=
################################## 100.0%
=3D=3D> Downloading https://ghcr.io/v2/homebrew/core/go/manifests/1.25.1
######################################################################### 1=
00.0%
=3D=3D> Fetching jpeg-turbo
=3D=3D> Downloading https://ghcr.io/v2/homebrew/core/jpeg-turbo/blobs/sh=
a256:59f90f6
######################################################################### 1=
00.0%
=3D=3D> Fetching go
=3D=3D> Downloading https://ghcr.io/v2/homebrew/core/go/blobs/sha256:418=
083bbfb10fd9
######################################################################### 1=
00.0%
=3D=3D> Pouring jpeg-turbo--3.1.2.arm64_sequoia.bottle.tar.gz
=F0=9F=8D=BA  /opt/homebrew/Cellar/jpeg-turbo/3.1.2: 47 files, 3.6MB
=3D=3D> Running 
brew cleanup jpeg-turbo
...
Disable this behaviour by setting 
HOMEBREW_NO_INSTALL_CLEANUP=3D1
.
Hide these hints with 
HOMEBREW_NO_ENV_HINTS=3D1
 (see 
man=
 brew
).
=3D=3D> Pouring go--1.25.1.arm64_sequoia.bottle.tar.gz
=F0=9F=8D=BA  /opt/homebrew/Cellar/go/1.25.1: 14,435 files, 193.3MB
=3D=3D> Running 
brew cleanup go
...
=3D=3D> No outdated dependents to upgrade!
admin@SYMBIs-MacBook-Pro ~ % $ git clone https://github.com/openai/go-vncdr=
iver.git
$ cd go-vncdriver
$ python build.py
$ pip install -e .
zsh: command not found: $
zsh: command not found: $
zsh: command not found: $
zsh: command not found: $
admin@SYMBIs-MacBook-Pro ~ % git clone https://github.com/openai/go-vncdriv=
er.git
Cloning into 'go-vncdriver'...
remote: Enumerating objects: 766, done.
remote: Total 766 (delta 0), reused 0 (delta 0), pack-reused 766 (from 1)
Receiving objects: 100% (766/766), 158.19 MiB | 9.77 MiB/s, done.
Resolving deltas: 100% (306/306), done.
admin@SYMBIs-MacBook-Pro ~ % cd go-vncdriver
admin@SYMBIs-MacBook-Pro go-vncdriver % $ cd go-vncdriver
zsh: command not found: $
admin@SYMBIs-MacBook-Pro go-vncdriver % cd go-vncdriver
cd: no such file or directory: go-vncdriver
admin@SYMBIs-MacBook-Pro go-vncdriver % cd /Users/admin/go-vncdriver=20
admin@SYMBIs-MacBook-Pro go-vncdriver % python build.py
Traceback (most recent call last):
  File "/Users/admin/go-vncdriver/build.py", line 8, in <module>
    import numpy
ModuleNotFoundError: No module named 'numpy'
admin@SYMBIs-MacBook-Pro go-vncdriver % pip install -e=20

Usage:  =20
  pip install [options] <requirement specifier> [package-index-option=
s] ...
  pip install [options] -r <requirements file> [package-index-options=
] ...
  pip install [options] [-e] <vcs project url> ...
  pip install [options] [-e] <local project path> ...
  pip install [options] <archive url/path> ...

-e option requires 1 argument
admin@SYMBIs-MacBook-Pro go-vncdriver % cd go-vncdriver
cd: n